Type-safe project accessors is an incubating feature.
> Task :app:preBuild UP-TO-DATE
> Task :app:preDebugBuild UP-TO-DATE
> Task :app:mergeDebugNativeDebugMetadata NO-SOURCE
> Task :app:checkKotlinGradlePluginConfigurationErrors SKIPPED
> Task :app:dataBindingMergeDependencyArtifactsDebug UP-TO-DATE
> Task :app:generateDebugResValues UP-TO-DATE
> Task :app:generateDebugResources
> Task :app:processDebugGoogleServices UP-TO-DATE
> Task :app:packageDebugResources
> Task :app:processDebugNavigationResources
> Task :app:generateDebugBuildConfig
> Task :app:checkDebugAarMetadata UP-TO-DATE
> Task :app:compileDebugNavigationResources UP-TO-DATE
> Task :app:mapDebugSourceSetPaths
> Task :app:createDebugCompatibleScreenManifests UP-TO-DATE
> Task :app:extractDeepLinksDebug UP-TO-DATE
> Task :app:parseDebugLocalResources
> Task :app:processDebugMainManifest
> Task :app:mergeDebugResources
> Task :app:processDebugManifest
> Task :app:dataBindingGenBaseClassesDebug UP-TO-DATE
> Task :app:javaPreCompileDebug UP-TO-DATE
> Task :app:mergeDebugShaders UP-TO-DATE
> Task :app:compileDebugShaders NO-SOURCE
> Task :app:generateDebugAssets UP-TO-DATE
> Task :app:mergeDebugAssets UP-TO-DATE
> Task :app:compressDebugAssets UP-TO-DATE
> Task :app:checkDebugDuplicateClasses UP-TO-DATE
> Task :app:desugarDebugFileDependencies UP-TO-DATE
> Task :app:mergeExtDexDebug UP-TO-DATE
> Task :app:mergeLibDexDebug UP-TO-DATE
> Task :app:mergeDebugJniLibFolders UP-TO-DATE
> Task :app:mergeDebugNativeLibs UP-TO-DATE
> Task :app:stripDebugDebugSymbols UP-TO-DATE
> Task :app:validateSigningDebug UP-TO-DATE
> Task :app:writeDebugAppMetadata UP-TO-DATE
> Task :app:writeDebugSigningConfigVersions UP-TO-DATE
> Task :app:processDebugManifestForPackage
> Task :app:processDebugResources

> Task :app:compileDebugKotlin
w: file:///C:/Users/gg185/AndroidStudioProjects/NutrisnapApp/app/src/main/java/com/example/nutrisnapapp/LoginScreen.kt:11:8 'class GoogleSignInOptions : AbstractSafeParcelable, Api.ApiOptions.Optional, ReflectedParcelable' is deprecated. Deprecated in Java.
w: file:///C:/Users/gg185/AndroidStudioProjects/NutrisnapApp/app/src/main/java/com/example/nutrisnapapp/LoginScreen.kt:30:19 'class GoogleSignInOptions : AbstractSafeParcelable, Api.ApiOptions.Optional, ReflectedParcelable' is deprecated. Deprecated in Java.
w: file:///C:/Users/gg185/AndroidStudioProjects/NutrisnapApp/app/src/main/java/com/example/nutrisnapapp/LoginScreen.kt:30:47 'class GoogleSignInOptions : AbstractSafeParcelable, Api.ApiOptions.Optional, ReflectedParcelable' is deprecated. Deprecated in Java.
w: file:///C:/Users/gg185/AndroidStudioProjects/NutrisnapApp/app/src/main/java/com/example/nutrisnapapp/LoginScreen.kt:67:13 'fun startActivityForResult(intent: Intent, requestCode: Int): Unit' is deprecated. This method has been deprecated in favor of using the Activity Result API
      which brings increased type safety via an {@link ActivityResultContract} and the prebuilt
      contracts for common intents available in
      {@link androidx.activity.result.contract.ActivityResultContracts}, provides hooks for
      testing, and allow receiving results in separate, testable classes independent from your
      activity. Use
      {@link #registerForActivityResult(ActivityResultContract, ActivityResultCallback)}
      passing in a {@link StartActivityForResult} object for the {@link ActivityResultContract}.
w: file:///C:/Users/gg185/AndroidStudioProjects/NutrisnapApp/app/src/main/java/com/example/nutrisnapapp/ScanPage.kt:104:9 'fun startActivityForResult(p0: Intent, p1: Int): Unit' is deprecated. Deprecated in Java.
w: file:///C:/Users/gg185/AndroidStudioProjects/NutrisnapApp/app/src/main/java/com/example/nutrisnapapp/ScanPage.kt:110:13 'fun requestPermissions(p0: (Array<String!>..Array<out String!>), p1: Int): Unit' is deprecated. Deprecated in Java.
w: file:///C:/Users/gg185/AndroidStudioProjects/NutrisnapApp/app/src/main/java/com/example/nutrisnapapp/ScanPage.kt:128:17 'fun startActivityForResult(p0: Intent, p1: Int): Unit' is deprecated. Deprecated in Java.
w: file:///C:/Users/gg185/AndroidStudioProjects/NutrisnapApp/app/src/main/java/com/example/nutrisnapapp/ScanPage.kt:145:18 This declaration overrides a deprecated member but is not marked as deprecated itself. Please add the '@Deprecated' annotation or suppress the diagnostic.
w: file:///C:/Users/gg185/AndroidStudioProjects/NutrisnapApp/app/src/main/java/com/example/nutrisnapapp/ScanPage.kt:150:15 'fun onRequestPermissionsResult(p0: Int, p1: (Array<String!>..Array<out String!>), p2: IntArray): Unit' is deprecated. Deprecated in Java.
w: file:///C:/Users/gg185/AndroidStudioProjects/NutrisnapApp/app/src/main/java/com/example/nutrisnapapp/ScanPage.kt:158:18 This declaration overrides a deprecated member but is not marked as deprecated itself. Please add the '@Deprecated' annotation or suppress the diagnostic.
w: file:///C:/Users/gg185/AndroidStudioProjects/NutrisnapApp/app/src/main/java/com/example/nutrisnapapp/ScanPage.kt:159:15 'fun onActivityResult(p0: Int, p1: Int, p2: Intent?): Unit' is deprecated. Deprecated in Java.

> Task :app:compileDebugJavaWithJavac
> Task :app:processDebugJavaRes UP-TO-DATE
> Task :app:mergeDebugJavaResource UP-TO-DATE
> Task :app:dexBuilderDebug
> Task :app:mergeProjectDexDebug
> Task :app:packageDebug
> Task :app:createDebugApkListingFileRedirect
> Task :app:assembleDebug

BUILD SUCCESSFUL in 35s
41 actionable tasks: 17 executed, 24 up-to-date
